
> formix@0.1.0 build
> next build

▲ Next.js 16.3.4 (Turbopack)
- Environments: .env.local
⚠ `eslint` configuration in next.config.ts is no longer supported. See more info here: https://nextjs.org/docs/app/api-reference/cli/next#next-lint-options
⚠ Invalid next.config.ts options detected: 
⚠     Unrecognized key(s) in object: 'eslint'
⚠ See more info here: https://nextjs.org/docs/messages/invalid-next-config
⚠ turbopack.root should be absolute, using: C:\Users\drobi\Projects\ximplex-monorepo
✓ Running next.config.ts took 163ms

⚠ The "middleware" file convention is deprecated. Please use "proxy" instead.

  To migrate automatically, run:
  npx @next/codemod@canary middleware-to-proxy .

  Learn more: https://nextjs.org/docs/messages/middleware-to-proxy
  Creating an optimized production build ...

> Build error occurred
Error: Turbopack build failed with 2 errors:
./packages/formix/app/auth/signup/page.tsx:5:10
Error: You're importing a module that depends on `useRouter` into a React Server Component module. This API is only available in Client Components. To fix, mark the file (or its parent) with the `"use client"` directive.
    Learn more: https://nextjs.org/docs/app/api-reference/directives/use-client
  [90m3 |[0m
  [90m4 |[0m [36mimport[0m { useState } [36mfrom[0m [32m'react'[0m;
[31m[1m>[0m [90m5 |[0m [36mimport[0m { useRouter } [36mfrom[0m [32m'next/navigation'[0m;
  [90m  |[0m          [31m[1m^^^^^^^^^[0m
  [90m6 |[0m [36mimport[0m [33mLink[0m [36mfrom[0m [32m'next/link'[0m;
  [90m7 |[0m [36mimport[0m { supabase } [36mfrom[0m [32m'@/lib/supabaseClient'[0m;
  [90m8 |[0m

Ecmascript file had an error


./packages/formix/app/auth/signup/page.tsx:4:10
Error: You're importing a module that depends on `useState` into a React Server Component module. This API is only available in Client Components. To fix, mark the file (or its parent) with the `"use client"` directive.
    Learn more: https://nextjs.org/docs/app/api-reference/directives/use-client
  [90m2 |[0m [32m'use client'[0m;
  [90m3 |[0m
[31m[1m>[0m [90m4 |[0m [36mimport[0m { useState } [36mfrom[0m [32m'react'[0m;
  [90m  |[0m          [31m[1m^^^^^^^^[0m
  [90m5 |[0m [36mimport[0m { useRouter } [36mfrom[0m [32m'next/navigation'[0m;
  [90m6 |[0m [36mimport[0m [33mLink[0m [36mfrom[0m [32m'next/link'[0m;
  [90m7 |[0m [36mimport[0m { supabase } [36mfrom[0m [32m'@/lib/supabaseClient'[0m;

Ecmascript file had an error


    at <unknown> (./packages/formix/app/auth/signup/page.tsx:5:10)
    at <unknown> (./packages/formix/app/auth/signup/page.tsx:4:10)
npm error Lifecycle script `build` failed with error:
npm error code 1
npm error path C:\Users\drobi\Projects\ximplex-monorepo\packages\formix
npm error workspace formix@0.1.0
npm error location C:\Users\drobi\Projects\ximplex-monorepo\packages\formix
npm error command failed
npm error command C:\WINDOWS\system32\cmd.exe /d /s /c next build
