
> ximplex-dashboard@0.1.0 build
> next build

▲ Next.js 16.3.4 (Turbopack)
⚠ turbopack.root should be absolute, using: C:\Users\drobi\Projects\ximplex-monorepo
✓ Running next.config.ts took 162ms

⚠ The "middleware" file convention is deprecated. Please use "proxy" instead.

  To migrate automatically, run:
  npx @next/codemod@canary middleware-to-proxy .

  Learn more: https://nextjs.org/docs/messages/middleware-to-proxy
  Creating an optimized production build ...
✓ Compiled successfully in 30.0s
  Skipping validation of types
  Finished TypeScript config validation in 166ms ...
  Collecting page data using 6 workers ...
  Generating static pages using 6 workers (0/5) ...
  Generating static pages using 6 workers (1/5) 
Error occurred prerendering page "/". Read more: https://nextjs.org/docs/messages/prerender-error
TypeError: Cannot destructure property 'data' of '(0 , c.useSession)(...)' as it is undefined.
    at <unknown> (app\layout.tsx:8:17)
   6 |
   7 | export default function MyDeskLayout({ children }: { children: React.ReactNode }) {
>  8 |   const { data: session, status } = useSession();
     |                 ^
   9 |   const router = useRouter();
  10 |
  11 |   useEffect(() => { {
  digest: '639367185'
}
Export encountered an error on /page: /, exiting the build.
⨯ Next.js build worker exited with code: 1 and signal: null
npm error Lifecycle script `build` failed with error:
npm error code 1
npm error path C:\Users\drobi\Projects\ximplex-monorepo\packages\ximplex-dashboard
npm error workspace ximplex-dashboard@0.1.0
npm error location C:\Users\drobi\Projects\ximplex-monorepo\packages\ximplex-dashboard
npm error command failed
npm error command C:\WINDOWS\system32\cmd.exe /d /s /c next build
